EN flip1 NULL C:/Users/utp/Desktop/procesador3/flip1.vhd sub00/vhpl00 1493158627
EN flip2 NULL C:/Users/utp/Desktop/procesador3/flip2.vhd sub00/vhpl06 1493158629
AR uc behavioral C:/Users/utp/Desktop/procesador3/uc.vhd sub00/vhpl15 1493158634
EN psr NULL C:/Users/utp/Desktop/procesador3/psr.vhd sub00/vhpl22 1493158645
EN seu NULL C:/Users/utp/Desktop/procesador3/seu.vhd sub00/vhpl12 1493158639
AR alu behavioral C:/Users/utp/Desktop/procesador3/alu.vhd sub00/vhpl09 1493158642
EN modpsr NULL C:/Users/utp/Desktop/procesador3/modPsr.vhd sub00/vhpl20 1493158643
AR modpsr behavioral C:/Users/utp/Desktop/procesador3/modPsr.vhd sub00/vhpl21 1493158644
AR mux behavioral C:/Users/utp/Desktop/procesador3/mux.vhd sub00/vhpl11 1493158638
AR instructionmemory behavioral C:/Users/utp/Desktop/procesador3/instructionMemory.vhd sub00/vhpl05 1493158632
AR registerfile behavioral C:/Users/utp/Desktop/procesador3/registerFile.vhd sub00/vhpl17 1493158636
AR miprocesador2 arquitectura_miprocesador2 C:/Users/utp/Desktop/procesador3/Miprocesador2.vhd sub00/vhpl19 1493158648
EN registerfile NULL C:/Users/utp/Desktop/procesador3/registerFile.vhd sub00/vhpl16 1493158635
AR sumador behavioral C:/Users/utp/Desktop/procesador3/sumador.vhd sub00/vhpl03 1493158626
AR flip2 behavioral C:/Users/utp/Desktop/procesador3/flip2.vhd sub00/vhpl07 1493158630
EN uc NULL C:/Users/utp/Desktop/procesador3/uc.vhd sub00/vhpl14 1493158633
EN instructionmemory NULL C:/Users/utp/Desktop/procesador3/instructionMemory.vhd sub00/vhpl04 1493158631
AR psr behavioral C:/Users/utp/Desktop/procesador3/psr.vhd sub00/vhpl23 1493158646
EN miprocesador2 NULL C:/Users/utp/Desktop/procesador3/Miprocesador2.vhd sub00/vhpl18 1493158647
EN mux NULL C:/Users/utp/Desktop/procesador3/mux.vhd sub00/vhpl10 1493158637
EN sumador NULL C:/Users/utp/Desktop/procesador3/sumador.vhd sub00/vhpl02 1493158625
AR seu behavioral C:/Users/utp/Desktop/procesador3/seu.vhd sub00/vhpl13 1493158640
AR flip1 behavioral C:/Users/utp/Desktop/procesador3/flip1.vhd sub00/vhpl01 1493158628
EN alu NULL C:/Users/utp/Desktop/procesador3/alu.vhd sub00/vhpl08 1493158641
